// Jest Snapshot v1, https://goo.gl/fbAQLP

exports[`Banner renders correctly 1`] = `
<div
  className="banner"
>
  My banner
</div>
`;
